// Vitest Snapshot v1, https://vitest.dev/guide/snapshot.html

exports[`run PDF export determinism > keeps the text layer stable against a committed snapshot 1`] = `
[
  "Portfolio Intelligence Report",
  "Test Client - August review - version 3 | generated 15 August 2026",
  "MONEVA GROWVEST",
  "Private - for internal advisory use",
  "Test Client",
  "Age 38 | Salaried | risk profile Aggressive | equity band 75-95%",
  "FIT SCORE",
  "54/100",
  "COMPLEXITY",
  "30 (Moderate)",
  "PORTFOLIO VALUE",
  "Rs. 26,00,000",
  "MONTHLY SIP",
  "Rs. 55,000",
  "RECOMMENDATION - SIP PLAN",
  "SCHEME",
  "ACTION",
  "CURRENT",
  "RECOMMENDED",
  "CONFIDENCE",
  "Alpha Flexi Cap Fund",
  "STOP SIP",
  "Rs. 20,000",
  "Rs. 0",
  "High",
  "Beta Small Cap Fund",
  "STOP SIP",
  "Rs. 15,000",
  "Rs. 0",
  "High",
  "Gamma Short Duration Fund",
  "REDUCE",
  "Rs. 5,000",
  "Rs. 2,500",
  "High",
  "New International Equity allocation",
  "ADD",
  "Rs. 0",
  "Rs. 8,500",
  "Medium",
  "New Cash allocation",
  "ADD",
  "Rs. 0",
  "Rs. 1,500",
  "Medium",
  "New Hybrid allocation",
  "ADD",
  "Rs. 0",
  "Rs. 1,000",
  "Medium",
  "New Silver allocation",
  "ADD",
  "Rs. 0",
  "Rs. 1,000",
  "Medium",
  "- Alpha Flexi Cap Fund: Indian Equity is 8.5% overweight. Redirecting contributions is cheaper than switching units (no",
  "capital-gains event). Reduces an overweight sleeve gradually through contribution flow.",
  "- Beta Small Cap Fund: Indian Equity is 8.5% overweight. Redirecting contributions is cheaper than switching units (no",
  "capital-gains event). Reduces an overweight sleeve gradually through contribution flow.",
  "- Gamma Short Duration Fund: Debt is 13.6% overweight. Redirecting contributions is cheaper than switching units (no",
  "capital-gains event). Reduces an overweight sleeve gradually through contribution flow.",
  "- New International Equity allocation: No fund currently fills the International Equity role and it is 17.1% underweight. Fund",
  "shortlisting for this role is pending live fund data. Adds a missing strategic role rather than duplicating an existing one.",
  "- New Cash allocation: No fund currently fills the Cash role and it is 3.4% underweight. Fund shortlisting for this role is pending",
  "live fund data. Adds a missing strategic role rather than duplicating an existing one.",
  "- New Hybrid allocation: No fund currently fills the Hybrid role and it is 2.2% underweight. Fund shortlisting for this role is",
  "pending live fund data. Adds a missing strategic role rather than duplicating an existing one.",
  "- New Silver allocation: No fund currently fills the Silver role and it is 2% underweight. Fund shortlisting for this role is pending",
  "live fund data. Adds a missing strategic role rather than duplicating an existing one.",
  "ASSUMPTIONS",
  "- Goal projections use an assumed 11% p.a. return derived from the engine's equity band. It is an assumption, not a forecast.",
  "- Additional monthly SIP available: Rs. 12,000; declared SIP budget: Rs. 60,000.",
  "- Rates are FY 2025-26 statutory rates; surcharge on high total income is not modelled.",
  "- Marginal slab is derived from the captured annual income under the new regime.",
  "- The Rs. 1.25L equity LTCG exemption is applied once across the whole portfolio, in the order shown.",
  "- Exit load and stamp duty are not included - check the scheme document before executing.",
  "Confidential advisory record - Moneva GrowVest - deterministic engine output",
  "Page 1",
  "Run unsaved | version 3 | version id - | fingerprint cf8fac00",
  "- Scenarios apply a one-year shock to the current allocation. They are not forecasts and no probability is attached.",
  "- Where a bucket has real NAV history, the downside uses the worst observed rolling 1-year return and the severe case uses the observed max drawdown of the",
  "actual funds held.",
  "- Ongoing SIP instalments are treated as unchanged through the shock.",
  "DATA QUALITY",
  "NAV freshness",
  "0 hours old (fresh)",
  "Tax inputs",
  "Complete",
  "Switch recommendations",
  "Permitted",
  "Open issues",
  "0 blocker(s), 0 warning(s)",
  "ALLOCATION VS TARGET",
  "BUCKET",
  "CURRENT",
  "TARGET",
  "GAP",
  "Indian Equity",
  "77%",
  "68.5%",
  "-8.5%",
  "International Equity",
  "0%",
  "17.1%",
  "+17.1%",
  "Debt",
  "15.4%",
  "1.8%",
  "-13.6%",
  "Hybrid",
  "0%",
  "2.2%",
  "+2.2%",
  "Gold",
  "7.7%",
  "5%",
  "-2.7%",
  "Silver",
  "0%",
  "2%",
  "+2%",
  "Cash",
  "0%",
  "3.4%",
  "+3.4%",
  "GOAL METRICS",
  "GOAL",
  "YEARS",
  "FUTURE COST",
  "PROJECTED",
  "FUNDED",
  "Retirement",
  "20",
  "Rs. 9,62,14,064",
  "Rs. 4,83,45,445",
  "50.2%",
  "Child education",
  "8",
  "Rs. 92,54,651",
  "Rs. 32,74,482",
  "35.4%",
  "TAX POSITION ON EXIT",
  "SCHEME",
  "TREATMENT",
  "HELD",
  "GAIN",
  "TAX",
  "Alpha Flexi Cap Fund",
  "Equity-oriented",
  "50 mo",
  "Rs. 3,00,000",
  "Rs. 22,750",
  "Beta Small Cap Fund",
  "Equity-oriented",
  "8 mo",
  "Rs. 3,00,000",
  "Rs. 62,400",
  "Gamma Short Duration Fund",
  "Non-equity (slab)",
  "31 mo",
  "Rs. 30,000",
  "Rs. 7,800",
  "Delta Gold ETF FoF",
  "Special rate asset",
  "14 mo",
  "Rs. 50,000",
  "Rs. 6,500",
  "SWITCH DECISIONS",
  "SCHEME",
  "VERDICT",
  "AMOUNT",
  "TAX COST",
  "Beta Small Cap Fund",
  "Wait for long-term",
  "Rs. 3,00,000",
  "Rs. 23,400",
  "Confidential advisory record - Moneva GrowVest - deterministic engine output",
  "Page 2",
  "Run unsaved | version 3 | version id - | fingerprint cf8fac00",
  "STRESS TEST (COMPUTED BASIS)",
  "+14.94%",
  "Base",
  "-22.95%",
  "Downside",
  "+34.96%",
  "Upside",
  "-38.96%",
  "Severe drawdown",
  "SCENARIO",
  "RETURN",
  "END VALUE",
  "BASIS",
  "RECOVERY",
  "Base",
  "14.94%",
  "Rs. 29,88,388",
  "computed",
  "No recovery needed in this",
  "scenario.",
  "Downside",
  "-22.95%",
  "Rs. 20,03,404",
  "computed",
  "Ongoing SIP of Rs.",
  "55,000/month replaces the fall",
  "in about 11 month(s) of",
  "contributions, before any",
  "market rebound.",
  "Upside",
  "34.96%",
  "Rs. 35,08,908",
  "computed",
  "No recovery needed in this",
  "scenario.",
  "Severe drawdown",
  "-38.96%",
  "Rs. 15,86,988",
  "computed",
  "Ongoing SIP of Rs.",
  "55,000/month replaces the fall",
  "in about 19 month(s) of",
  "contributions, before any",
  "market rebound.",
  "ENGINE FLAGS",
  "- Fund-level NAV, returns, AUM and expense ratio are not yet wired to a live feed - those metrics show as 'Insufficient current",
  "data'.",
  "- Stock, sector and market-cap overlap is modelled from category profiles, not disclosed holdings.",
  "- Beta, Sharpe, Sortino, drawdown and rolling returns require NAV history - pending data source integration.",
  "- Fund SIPs total Rs. 43,000 but the declared monthly SIP is Rs. 60,000.",
  "Confidential advisory record - Moneva GrowVest - deterministic engine output",
  "Page 3",
  "Run unsaved | version 3 | version id - | fingerprint cf8fac00",
]
`;
